1	2021-01-01	10.5
2	2021-01-02	20.5
3	2021-01-03	30.75
2023-12-01 08:15:30	123457	http://example.com/about	2023-12-01	USA
