"catalog_hive"
"catalog_iceberg"
"catalog_mysql"
"catalog_postgres"
"gravitino"
"jmx"
"memory"
"system"
"tpcds"
"tpch"
