1	John Doe	30	Engineering
1	Nasim Duke	nasimduke@hotmail.net
10	Ronan Joyner	ronanjoyner5549@aol.com
11	Rory Brown	rory@123.com
12	Jerry Washington	jerry@dt.com
2	Jane Smith	2	20
2	Jane Smith	28	Engineering
2	Perry Tyler	perrytyler@outlook.com
3	Leah Swanson	leahswanson1069@protonmail.com
4	Mia Hahn	miahahn@yahoo.edu
5	Quin Hurst	quinhurst5485@google.net
6	Harriet Best	harrietbest2890@icloud.com
7	Erasmus Phelps	erasmusphelps9105@protonmail.net
8	Lenore Wilder	lenorewilder@aol.net
9	Raya Mcguire	rayamcguire@hotmail.com
